\BOOKMARK [0][-]{chapter.1}{\376\377\0001\000\040\000A\000d\000a\000f\000r\000u\000i\000t\000\040\000I\000N\000A\0002\0001\0009\000\040\000c\000u\000r\000r\000e\000n\000t\000/\000p\000o\000w\000e\000r\000\040\000m\000o\000n\000i\000t\000o\000r\000\040\000I\000C}{}% 1
\BOOKMARK [1][-]{section.1.1}{\376\377\0001\000.\0001\000\040\000I\000n\000t\000r\000o\000d\000u\000c\000t\000i\000o\000n}{chapter.1}% 2
\BOOKMARK [1][-]{section.1.2}{\376\377\0001\000.\0002\000\040\000A\000u\000t\000h\000o\000r}{chapter.1}% 3
\BOOKMARK [1][-]{section.1.3}{\376\377\0001\000.\0003\000\040\000L\000i\000c\000e\000n\000s\000e}{chapter.1}% 4
\BOOKMARK [0][-]{chapter.2}{\376\377\0002\000\040\000A\000d\000a\000f\000r\000u\000i\000t\000\040\000I\000N\000A\0002\0001\0009\000\040\000L\000i\000b\000r\000a\000r\000y\000\040\000<\000a\000\040\000h\000r\000e\000f\000=\000`\000\250\000h\000t\000t\000p\000s\000:\000/\000/\000t\000r\000a\000v\000i\000s\000-\000c\000i\000.\000o\000r\000g\000/\000a\000d\000a\000f\000r\000u\000i\000t\000/\000A\000d\000a\000f\000r\000u\000i\000t\000\137\000I\000N\000A\0002\0001\0009\000`\000\250\000>\000<\000i\000m\000g\000\040\000s\000r\000c\000=\000`\000\250\000h\000t\000t\000p\000s\000:\000/\000/\000t\000r\000a\000v\000i\000s\000-\000c\000i\000.\000o\000r\000g\000/\000a\000d\000a\000f\000r\000u\000i\000t\000/\000A\000d\000a\000f\000r\000u\000i\000t\000\137\000I\000N\000A\0002\0001\0009\000.\000s\000v\000g\000?\000b\000r\000a\000n\000c\000h\000=\000m\000a\000s\000t\000e\000r\000`\000\250\000\040\000a\000l\000t\000=\000`\000\250\000B\000u\000i\000l\000d\000\040\000S\000t\000a\000t\000u\000s\000`\000\250\000/\000>\000<\000/\000a\000>}{}% 5
\BOOKMARK [1][-]{section.2.1}{\376\377\0002\000.\0001\000\040\000C\000o\000m\000p\000a\000t\000i\000b\000i\000l\000i\000t\000y}{chapter.2}% 6
\BOOKMARK [0][-]{chapter.3}{\376\377\0003\000\040\000M\000o\000d\000u\000l\000e\000\040\000I\000n\000d\000e\000x}{}% 7
\BOOKMARK [1][-]{section.3.1}{\376\377\0003\000.\0001\000\040\000M\000o\000d\000u\000l\000e\000s}{chapter.3}% 8
\BOOKMARK [0][-]{chapter.4}{\376\377\0004\000\040\000C\000l\000a\000s\000s\000\040\000I\000n\000d\000e\000x}{}% 9
\BOOKMARK [1][-]{section.4.1}{\376\377\0004\000.\0001\000\040\000C\000l\000a\000s\000s\000\040\000L\000i\000s\000t}{chapter.4}% 10
\BOOKMARK [0][-]{chapter.5}{\376\377\0005\000\040\000F\000i\000l\000e\000\040\000I\000n\000d\000e\000x}{}% 11
\BOOKMARK [1][-]{section.5.1}{\376\377\0005\000.\0001\000\040\000F\000i\000l\000e\000\040\000L\000i\000s\000t}{chapter.5}% 12
\BOOKMARK [0][-]{chapter.6}{\376\377\0006\000\040\000M\000o\000d\000u\000l\000e\000\040\000D\000o\000c\000u\000m\000e\000n\000t\000a\000t\000i\000o\000n}{}% 13
\BOOKMARK [1][-]{section.6.1}{\376\377\0006\000.\0001\000\040\000S\000i\000s\000t\000e\000m\000a\000-\000h\000a\000r\000d\000w\000a\000r\000e}{chapter.6}% 14
\BOOKMARK [2][-]{subsection.6.1.1}{\376\377\0006\000.\0001\000.\0001\000\040\000D\000e\000t\000a\000i\000l\000e\000d\000\040\000D\000e\000s\000c\000r\000i\000p\000t\000i\000o\000n}{section.6.1}% 15
\BOOKMARK [2][-]{subsection.6.1.2}{\376\377\0006\000.\0001\000.\0002\000\040\000F\000u\000n\000c\000t\000i\000o\000n\000\040\000D\000o\000c\000u\000m\000e\000n\000t\000a\000t\000i\000o\000n}{section.6.1}% 16
\BOOKMARK [3][-]{subsubsection.6.1.2.1}{\376\377\0006\000.\0001\000.\0002\000.\0001\000\040\000a\000v\000i\000s\000a\000X\000s\000e\000g\000\050\000\051}{subsection.6.1.2}% 17
\BOOKMARK [3][-]{subsubsection.6.1.2.2}{\376\377\0006\000.\0001\000.\0002\000.\0002\000\040\000d\000a\000B\000e\000e\000p\000\050\000\051}{subsection.6.1.2}% 18
\BOOKMARK [3][-]{subsubsection.6.1.2.3}{\376\377\0006\000.\0001\000.\0002\000.\0003\000\040\000d\000b\000g\000M\000o\000s\000t\000r\000a\000D\000a\000d\000o\000s\000\050\000\051}{subsection.6.1.2}% 19
\BOOKMARK [3][-]{subsubsection.6.1.2.4}{\376\377\0006\000.\0001\000.\0002\000.\0004\000\040\000d\000e\000s\000l\000i\000g\000a\000P\000W\000M\000\050\000\051}{subsection.6.1.2}% 20
\BOOKMARK [3][-]{subsubsection.6.1.2.5}{\376\377\0006\000.\0001\000.\0002\000.\0005\000\040\000d\000e\000s\000l\000i\000g\000a\000P\000W\000M\000Z\000\050\000\051}{subsection.6.1.2}% 21
\BOOKMARK [3][-]{subsubsection.6.1.2.6}{\376\377\0006\000.\0001\000.\0002\000.\0006\000\040\000i\000n\000i\000c\000i\000a\000D\000e\000b\000u\000g\000\050\000\051}{subsection.6.1.2}% 22
\BOOKMARK [3][-]{subsubsection.6.1.2.7}{\376\377\0006\000.\0001\000.\0002\000.\0007\000\040\000i\000n\000i\000c\000i\000a\000P\000W\000M\000s\000\050\000\051}{subsection.6.1.2}% 23
\BOOKMARK [3][-]{subsubsection.6.1.2.8}{\376\377\0006\000.\0001\000.\0002\000.\0008\000\040\000l\000i\000g\000a\000P\000W\000M\000\050\000\051}{subsection.6.1.2}% 24
\BOOKMARK [3][-]{subsubsection.6.1.2.9}{\376\377\0006\000.\0001\000.\0002\000.\0009\000\040\000l\000i\000g\000a\000P\000W\000M\000Z\000\050\000\051}{subsection.6.1.2}% 25
\BOOKMARK [3][-]{subsubsection.6.1.2.10}{\376\377\0006\000.\0001\000.\0002\000.\0001\0000\000\040\000l\000o\000o\000p\000\050\000\051}{subsection.6.1.2}% 26
\BOOKMARK [3][-]{subsubsection.6.1.2.11}{\376\377\0006\000.\0001\000.\0002\000.\0001\0001\000\040\000s\000e\000t\000u\000p\000\050\000\051}{subsection.6.1.2}% 27
\BOOKMARK [3][-]{subsubsection.6.1.2.12}{\376\377\0006\000.\0001\000.\0002\000.\0001\0002\000\040\000t\000e\000r\000m\000i\000n\000a\000P\000r\000o\000g\000r\000a\000m\000a\000\050\000\051}{subsection.6.1.2}% 28
\BOOKMARK [3][-]{subsubsection.6.1.2.13}{\376\377\0006\000.\0001\000.\0002\000.\0001\0003\000\040\000t\000e\000r\000m\000i\000n\000a\000P\000r\000o\000g\000r\000a\000m\000a\000Z\000\050\000\051}{subsection.6.1.2}% 29
\BOOKMARK [3][-]{subsubsection.6.1.2.14}{\376\377\0006\000.\0001\000.\0002\000.\0001\0004\000\040\000t\000i\000c\000k\000R\000e\000l\000o\000g\000i\000o\000\050\000\051}{subsection.6.1.2}% 30
\BOOKMARK [1][-]{section.6.2}{\376\377\0006\000.\0002\000\040\000R\000i\000f\000e\000-\000C\000l\000a\000r\000k\000-\000Z\000a\000p\000p\000i\000c\000a\000t\000o\000r}{chapter.6}% 31
\BOOKMARK [2][-]{subsection.6.2.1}{\376\377\0006\000.\0002\000.\0001\000\040\000D\000e\000t\000a\000i\000l\000e\000d\000\040\000D\000e\000s\000c\000r\000i\000p\000t\000i\000o\000n}{section.6.2}% 32
\BOOKMARK [2][-]{subsection.6.2.2}{\376\377\0006\000.\0002\000.\0002\000\040\000F\000u\000n\000c\000t\000i\000o\000n\000\040\000D\000o\000c\000u\000m\000e\000n\000t\000a\000t\000i\000o\000n}{section.6.2}% 33
\BOOKMARK [3][-]{subsubsection.6.2.2.1}{\376\377\0006\000.\0002\000.\0002\000.\0001\000\040\000a\000v\000a\000n\000c\000a\000B\000a\000r\000r\000a\000C\000l\000a\000r\000k\000\050\000\051}{subsection.6.2.2}% 34
\BOOKMARK [3][-]{subsubsection.6.2.2.2}{\376\377\0006\000.\0002\000.\0002\000.\0002\000\040\000a\000v\000a\000n\000c\000a\000B\000a\000r\000r\000a\000R\000i\000f\000e\000E\000T\000D\000F\000L\000\050\000\051}{subsection.6.2.2}% 35
\BOOKMARK [3][-]{subsubsection.6.2.2.3}{\376\377\0006\000.\0002\000.\0002\000.\0003\000\040\000a\000v\000a\000n\000c\000a\000B\000a\000r\000r\000a\000R\000i\000f\000e\000M\000a\000n\000u\000a\000l\000\050\000\051}{subsection.6.2.2}% 36
\BOOKMARK [3][-]{subsubsection.6.2.2.4}{\376\377\0006\000.\0002\000.\0002\000.\0004\000\040\000a\000v\000a\000n\000c\000a\000B\000a\000r\000r\000a\000R\000i\000f\000e\000P\000r\000e\000\050\000\051}{subsection.6.2.2}% 37
\BOOKMARK [3][-]{subsubsection.6.2.2.5}{\376\377\0006\000.\0002\000.\0002\000.\0005\000\040\000a\000v\000a\000n\000c\000a\000B\000a\000r\000r\000a\000Z\000a\000p\000p\000\050\000\051}{subsection.6.2.2}% 38
\BOOKMARK [3][-]{subsubsection.6.2.2.6}{\376\377\0006\000.\0002\000.\0002\000.\0006\000\040\000c\000l\000a\000r\000k\000\137\0002\0000\000m\000i\000n\000\050\000\051}{subsection.6.2.2}% 39
\BOOKMARK [3][-]{subsubsection.6.2.2.7}{\376\377\0006\000.\0002\000.\0002\000.\0007\000\040\000c\000l\000a\000r\000k\000\137\0007\000m\000i\000n\000\050\000\051}{subsection.6.2.2}% 40
\BOOKMARK [3][-]{subsubsection.6.2.2.8}{\376\377\0006\000.\0002\000.\0002\000.\0008\000\040\000c\000o\000m\000e\000c\000a\000C\000l\000a\000r\000k\000\050\000\051}{subsection.6.2.2}% 41
\BOOKMARK [3][-]{subsubsection.6.2.2.9}{\376\377\0006\000.\0002\000.\0002\000.\0009\000\040\000c\000o\000m\000e\000c\000a\000R\000i\000f\000e\000E\000T\000D\000F\000L\000\050\000\051}{subsection.6.2.2}% 42
\BOOKMARK [3][-]{subsubsection.6.2.2.10}{\376\377\0006\000.\0002\000.\0002\000.\0001\0000\000\040\000c\000o\000m\000e\000c\000a\000R\000i\000f\000e\000M\000a\000n\000u\000a\000l\000\050\000\051}{subsection.6.2.2}% 43
\BOOKMARK [3][-]{subsubsection.6.2.2.11}{\376\377\0006\000.\0002\000.\0002\000.\0001\0001\000\040\000c\000o\000m\000e\000c\000a\000R\000i\000f\000e\000P\000r\000e\000\050\000\051}{subsection.6.2.2}% 44
\BOOKMARK [3][-]{subsubsection.6.2.2.12}{\376\377\0006\000.\0002\000.\0002\000.\0001\0002\000\040\000c\000o\000m\000e\000c\000a\000Z\000a\000p\000p\000i\000c\000\050\000\051}{subsection.6.2.2}% 45
\BOOKMARK [3][-]{subsubsection.6.2.2.13}{\376\377\0006\000.\0002\000.\0002\000.\0001\0003\000\040\000c\000o\000n\000t\000r\000o\000l\000e\000R\000i\000f\000e\000E\000T\000D\000F\000L\000\050\000\051}{subsection.6.2.2}% 46
\BOOKMARK [3][-]{subsubsection.6.2.2.14}{\376\377\0006\000.\0002\000.\0002\000.\0001\0004\000\040\000c\000o\000n\000t\000r\000o\000l\000e\000R\000i\000f\000e\000M\000a\000n\000u\000a\000l\000\050\000\051}{subsection.6.2.2}% 47
\BOOKMARK [3][-]{subsubsection.6.2.2.15}{\376\377\0006\000.\0002\000.\0002\000.\0001\0005\000\040\000c\000o\000n\000t\000r\000o\000l\000e\000R\000i\000f\000e\000P\000r\000e\000\050\000\051}{subsection.6.2.2}% 48
\BOOKMARK [3][-]{subsubsection.6.2.2.16}{\376\377\0006\000.\0002\000.\0002\000.\0001\0006\000\040\000c\000o\000n\000t\000r\000o\000l\000e\000Z\000a\000p\000p\000i\000c\000\050\000\051}{subsection.6.2.2}% 49
\BOOKMARK [3][-]{subsubsection.6.2.2.17}{\376\377\0006\000.\0002\000.\0002\000.\0001\0007\000\040\000l\000i\000m\000p\000a\000S\000t\000a\000t\000u\000s\000\050\000\051}{subsection.6.2.2}% 50
\BOOKMARK [3][-]{subsubsection.6.2.2.18}{\376\377\0006\000.\0002\000.\0002\000.\0001\0008\000\040\000p\000r\000o\000x\000i\000m\000o\000P\000a\000r\000C\000l\000a\000r\000k\000\050\000\051}{subsection.6.2.2}% 51
\BOOKMARK [3][-]{subsubsection.6.2.2.19}{\376\377\0006\000.\0002\000.\0002\000.\0001\0009\000\040\000p\000r\000o\000x\000i\000m\000o\000R\000i\000f\000e\000E\000T\000D\000F\000L\000\050\000\051}{subsection.6.2.2}% 52
\BOOKMARK [3][-]{subsubsection.6.2.2.20}{\376\377\0006\000.\0002\000.\0002\000.\0002\0000\000\040\000p\000r\000o\000x\000i\000m\000o\000R\000i\000f\000e\000M\000a\000n\000u\000a\000l\000\050\000\051}{subsection.6.2.2}% 53
\BOOKMARK [3][-]{subsubsection.6.2.2.21}{\376\377\0006\000.\0002\000.\0002\000.\0002\0001\000\040\000p\000r\000o\000x\000i\000m\000o\000R\000i\000f\000e\000P\000r\000e\000\050\000\051}{subsection.6.2.2}% 54
\BOOKMARK [3][-]{subsubsection.6.2.2.22}{\376\377\0006\000.\0002\000.\0002\000.\0002\0002\000\040\000t\000e\000m\000p\000o\000L\000e\000A\000g\000o\000r\000a\000\050\000\051}{subsection.6.2.2}% 55
\BOOKMARK [3][-]{subsubsection.6.2.2.23}{\376\377\0006\000.\0002\000.\0002\000.\0002\0003\000\040\000t\000e\000m\000p\000o\000M\000a\000r\000c\000a\000I\000n\000i\000c\000i\000o\000\050\000\051}{subsection.6.2.2}% 56
\BOOKMARK [1][-]{section.6.3}{\376\377\0006\000.\0003\000\040\000I\000n\000t\000e\000r\000f\000a\000c\000e\000-\000c\000o\000m\000-\000I\000n\000a\0002\0001\0009}{chapter.6}% 57
\BOOKMARK [2][-]{subsection.6.3.1}{\376\377\0006\000.\0003\000.\0001\000\040\000D\000e\000t\000a\000i\000l\000e\000d\000\040\000D\000e\000s\000c\000r\000i\000p\000t\000i\000o\000n}{section.6.3}% 58
\BOOKMARK [2][-]{subsection.6.3.2}{\376\377\0006\000.\0003\000.\0002\000\040\000F\000u\000n\000c\000t\000i\000o\000n\000\040\000D\000o\000c\000u\000m\000e\000n\000t\000a\000t\000i\000o\000n}{section.6.3}% 59
\BOOKMARK [3][-]{subsubsection.6.3.2.1}{\376\377\0006\000.\0003\000.\0002\000.\0001\000\040\000d\000b\000g\000M\000o\000s\000t\000r\000a\000I\000n\000a\0002\0001\0009\000\050\000\051}{subsection.6.3.2}% 60
\BOOKMARK [3][-]{subsubsection.6.3.2.2}{\376\377\0006\000.\0003\000.\0002\000.\0002\000\040\000i\000n\000i\000c\000i\000a\000I\000N\000A\0002\0001\0009\000\050\000\051}{subsection.6.3.2}% 61
\BOOKMARK [3][-]{subsubsection.6.3.2.3}{\376\377\0006\000.\0003\000.\0002\000.\0003\000\040\000l\000e\000I\000N\000A\0002\0001\0009\000\050\000\051}{subsection.6.3.2}% 62
\BOOKMARK [2][-]{subsection.6.3.3}{\376\377\0006\000.\0003\000.\0003\000\040\000V\000a\000r\000i\000a\000b\000l\000e\000\040\000D\000o\000c\000u\000m\000e\000n\000t\000a\000t\000i\000o\000n}{section.6.3}% 63
\BOOKMARK [3][-]{subsubsection.6.3.3.1}{\376\377\0006\000.\0003\000.\0003\000.\0001\000\040\000a\000c\000c\000A\000m\000p\000e\000r\000e\000s}{subsection.6.3.3}% 64
\BOOKMARK [3][-]{subsubsection.6.3.3.2}{\376\377\0006\000.\0003\000.\0003\000.\0002\000\040\000a\000c\000c\000V\000o\000l\000t\000s}{subsection.6.3.3}% 65
\BOOKMARK [3][-]{subsubsection.6.3.3.3}{\376\377\0006\000.\0003\000.\0003\000.\0003\000\040\000m\000e\000d\000i\000a\000V\000o\000l\000t\000s}{subsection.6.3.3}% 66
\BOOKMARK [3][-]{subsubsection.6.3.3.4}{\376\377\0006\000.\0003\000.\0003\000.\0004\000\040\000n\000\137\000i\000n\000a}{subsection.6.3.3}% 67
\BOOKMARK [1][-]{section.6.4}{\376\377\0006\000.\0004\000\040\000N\000e\000x\000t\000i\000o\000n\000-\000H\000M\000I\000-\000D\000i\000s\000p\000l\000a\000y}{chapter.6}% 68
\BOOKMARK [2][-]{subsection.6.4.1}{\376\377\0006\000.\0004\000.\0001\000\040\000D\000e\000t\000a\000i\000l\000e\000d\000\040\000D\000e\000s\000c\000r\000i\000p\000t\000i\000o\000n}{section.6.4}% 69
\BOOKMARK [2][-]{subsection.6.4.2}{\376\377\0006\000.\0004\000.\0002\000\040\000F\000u\000n\000c\000t\000i\000o\000n\000\040\000D\000o\000c\000u\000m\000e\000n\000t\000a\000t\000i\000o\000n}{section.6.4}% 70
\BOOKMARK [3][-]{subsubsection.6.4.2.1}{\376\377\0006\000.\0004\000.\0002\000.\0001\000\040\000c\000l\000a\000r\000k\000P\000r\000o\000t\000\137\000c\000a\000n\000c\000e\000l\000a\000r\000P\000o\000p\000C\000a\000l\000l\000b\000a\000c\000k\000\050\000\051}{subsection.6.4.2}% 71
\BOOKMARK [3][-]{subsubsection.6.4.2.2}{\376\377\0006\000.\0004\000.\0002\000.\0002\000\040\000c\000l\000a\000r\000k\000P\000r\000o\000t\000\137\000i\000n\000i\000c\000i\000a\000r\000P\000o\000p\000C\000a\000l\000l\000b\000a\000c\000k\000\050\000\051}{subsection.6.4.2}% 72
\BOOKMARK [3][-]{subsubsection.6.4.2.3}{\376\377\0006\000.\0004\000.\0002\000.\0003\000\040\000p\000r\000e\000p\000a\000r\000a\000R\000i\000f\000e\000B\000i\000c\000h\000o\000X\000\050\000\051}{subsection.6.4.2}% 73
\BOOKMARK [3][-]{subsubsection.6.4.2.4}{\376\377\0006\000.\0004\000.\0002\000.\0004\000\040\000r\000i\000f\000e\000E\000T\000D\000F\000L\000\137\000c\000a\000n\000c\000e\000l\000a\000r\000P\000o\000p\000C\000a\000l\000l\000b\000a\000c\000k\000\050\000\051}{subsection.6.4.2}% 74
\BOOKMARK [3][-]{subsubsection.6.4.2.5}{\376\377\0006\000.\0004\000.\0002\000.\0005\000\040\000r\000i\000f\000e\000E\000T\000D\000F\000L\000\137\000i\000n\000i\000c\000i\000a\000r\000P\000o\000p\000C\000a\000l\000l\000b\000a\000c\000k\000\050\000\051}{subsection.6.4.2}% 75
\BOOKMARK [3][-]{subsubsection.6.4.2.6}{\376\377\0006\000.\0004\000.\0002\000.\0006\000\040\000r\000i\000f\000e\000E\000T\000D\000F\000L\000\137\000n\0000\000P\000o\000p\000C\000a\000l\000l\000b\000a\000c\000k\000\050\000\051}{subsection.6.4.2}% 76
\BOOKMARK [3][-]{subsubsection.6.4.2.7}{\376\377\0006\000.\0004\000.\0002\000.\0007\000\040\000r\000i\000f\000e\000E\000T\000D\000F\000L\000\137\000n\0001\000P\000o\000p\000C\000a\000l\000l\000b\000a\000c\000k\000\050\000\051}{subsection.6.4.2}% 77
\BOOKMARK [3][-]{subsubsection.6.4.2.8}{\376\377\0006\000.\0004\000.\0002\000.\0008\000\040\000r\000i\000f\000e\000E\000T\000D\000F\000L\000\137\000n\0002\000P\000o\000p\000C\000a\000l\000l\000b\000a\000c\000k\000\050\000\051}{subsection.6.4.2}% 78
\BOOKMARK [3][-]{subsubsection.6.4.2.9}{\376\377\0006\000.\0004\000.\0002\000.\0009\000\040\000r\000i\000f\000e\000E\000T\000D\000F\000L\000\137\000n\0003\000P\000o\000p\000C\000a\000l\000l\000b\000a\000c\000k\000\050\000\051}{subsection.6.4.2}% 79
\BOOKMARK [3][-]{subsubsection.6.4.2.10}{\376\377\0006\000.\0004\000.\0002\000.\0001\0000\000\040\000r\000i\000f\000e\000E\000T\000D\000F\000L\000\137\000n\0004\000P\000o\000p\000C\000a\000l\000l\000b\000a\000c\000k\000\050\000\051}{subsection.6.4.2}% 80
\BOOKMARK [3][-]{subsubsection.6.4.2.11}{\376\377\0006\000.\0004\000.\0002\000.\0001\0001\000\040\000r\000i\000f\000e\000E\000T\000D\000F\000L\000\137\000n\0005\000P\000o\000p\000C\000a\000l\000l\000b\000a\000c\000k\000\050\000\051}{subsection.6.4.2}% 81
\BOOKMARK [3][-]{subsubsection.6.4.2.12}{\376\377\0006\000.\0004\000.\0002\000.\0001\0002\000\040\000r\000i\000f\000e\000E\000T\000D\000F\000L\000\137\000n\0006\000P\000o\000p\000C\000a\000l\000l\000b\000a\000c\000k\000\050\000\051}{subsection.6.4.2}% 82
\BOOKMARK [3][-]{subsubsection.6.4.2.13}{\376\377\0006\000.\0004\000.\0002\000.\0001\0003\000\040\000r\000i\000f\000e\000E\000T\000D\000F\000L\000\137\000n\0007\000P\000o\000p\000C\000a\000l\000l\000b\000a\000c\000k\000\050\000\051}{subsection.6.4.2}% 83
\BOOKMARK [3][-]{subsubsection.6.4.2.14}{\376\377\0006\000.\0004\000.\0002\000.\0001\0004\000\040\000r\000i\000f\000e\000E\000T\000D\000F\000L\000\137\000n\0008\000P\000o\000p\000C\000a\000l\000l\000b\000a\000c\000k\000\050\000\051}{subsection.6.4.2}% 84
\BOOKMARK [3][-]{subsubsection.6.4.2.15}{\376\377\0006\000.\0004\000.\0002\000.\0001\0005\000\040\000r\000i\000f\000e\000E\000T\000D\000F\000L\000\137\000n\0009\000P\000o\000p\000C\000a\000l\000l\000b\000a\000c\000k\000\050\000\051}{subsection.6.4.2}% 85
\BOOKMARK [3][-]{subsubsection.6.4.2.16}{\376\377\0006\000.\0004\000.\0002\000.\0001\0006\000\040\000r\000i\000f\000e\000E\000T\000D\000F\000L\000\137\000n\000C\000P\000o\000p\000C\000a\000l\000l\000b\000a\000c\000k\000\050\000\051}{subsection.6.4.2}% 86
\BOOKMARK [3][-]{subsubsection.6.4.2.17}{\376\377\0006\000.\0004\000.\0002\000.\0001\0007\000\040\000r\000i\000f\000e\000E\000T\000D\000F\000L\000\137\000n\000u\000m\000e\000r\000o\000P\000r\000o\000t\000o\000c\000o\000l\000o\000P\000o\000p\000C\000a\000l\000l\000b\000a\000c\000k\000\050\000\051}{subsection.6.4.2}% 87
\BOOKMARK [3][-]{subsubsection.6.4.2.18}{\376\377\0006\000.\0004\000.\0002\000.\0001\0008\000\040\000r\000i\000f\000e\000E\000T\000D\000F\000L\000\137\000o\000k\000P\000o\000p\000C\000a\000l\000l\000b\000a\000c\000k\000\050\000\051}{subsection.6.4.2}% 88
\BOOKMARK [3][-]{subsubsection.6.4.2.19}{\376\377\0006\000.\0004\000.\0002\000.\0001\0009\000\040\000r\000i\000f\000e\000M\000a\000n\000u\000a\000l\000\137\000c\000a\000n\000c\000e\000l\000a\000r\000P\000o\000p\000C\000a\000l\000l\000b\000a\000c\000k\000\050\000\051}{subsection.6.4.2}% 89
\BOOKMARK [3][-]{subsubsection.6.4.2.20}{\376\377\0006\000.\0004\000.\0002\000.\0002\0000\000\040\000r\000i\000f\000e\000M\000a\000n\000u\000a\000l\000\137\000d\000u\000r\000a\0000\0001\000P\000o\000p\000C\000a\000l\000l\000b\000a\000c\000k\000\050\000\051}{subsection.6.4.2}% 90
\BOOKMARK [3][-]{subsubsection.6.4.2.21}{\376\377\0006\000.\0004\000.\0002\000.\0002\0001\000\040\000r\000i\000f\000e\000M\000a\000n\000u\000a\000l\000\137\000d\000u\000r\000a\0000\0002\000P\000o\000p\000C\000a\000l\000l\000b\000a\000c\000k\000\050\000\051}{subsection.6.4.2}% 91
\BOOKMARK [3][-]{subsubsection.6.4.2.22}{\376\377\0006\000.\0004\000.\0002\000.\0002\0002\000\040\000r\000i\000f\000e\000M\000a\000n\000u\000a\000l\000\137\000d\000u\000r\000a\0000\0003\000P\000o\000p\000C\000a\000l\000l\000b\000a\000c\000k\000\050\000\051}{subsection.6.4.2}% 92
\BOOKMARK [3][-]{subsubsection.6.4.2.23}{\376\377\0006\000.\0004\000.\0002\000.\0002\0003\000\040\000r\000i\000f\000e\000M\000a\000n\000u\000a\000l\000\137\000d\000u\000r\000a\0000\0004\000P\000o\000p\000C\000a\000l\000l\000b\000a\000c\000k\000\050\000\051}{subsection.6.4.2}% 93
\BOOKMARK [3][-]{subsubsection.6.4.2.24}{\376\377\0006\000.\0004\000.\0002\000.\0002\0004\000\040\000r\000i\000f\000e\000M\000a\000n\000u\000a\000l\000\137\000d\000u\000r\000a\0000\0005\000P\000o\000p\000C\000a\000l\000l\000b\000a\000c\000k\000\050\000\051}{subsection.6.4.2}% 94
\BOOKMARK [3][-]{subsubsection.6.4.2.25}{\376\377\0006\000.\0004\000.\0002\000.\0002\0005\000\040\000r\000i\000f\000e\000M\000a\000n\000u\000a\000l\000\137\000d\000u\000r\000a\0000\0006\000P\000o\000p\000C\000a\000l\000l\000b\000a\000c\000k\000\050\000\051}{subsection.6.4.2}% 95
\BOOKMARK [3][-]{subsubsection.6.4.2.26}{\376\377\0006\000.\0004\000.\0002\000.\0002\0006\000\040\000r\000i\000f\000e\000M\000a\000n\000u\000a\000l\000\137\000f\000r\000e\000q\0000\0001\000P\000o\000p\000C\000a\000l\000l\000b\000a\000c\000k\000\050\000\051}{subsection.6.4.2}% 96
\BOOKMARK [3][-]{subsubsection.6.4.2.27}{\376\377\0006\000.\0004\000.\0002\000.\0002\0007\000\040\000r\000i\000f\000e\000M\000a\000n\000u\000a\000l\000\137\000f\000r\000e\000q\0000\0002\000P\000o\000p\000C\000a\000l\000l\000b\000a\000c\000k\000\050\000\051}{subsection.6.4.2}% 97
\BOOKMARK [3][-]{subsubsection.6.4.2.28}{\376\377\0006\000.\0004\000.\0002\000.\0002\0008\000\040\000r\000i\000f\000e\000M\000a\000n\000u\000a\000l\000\137\000f\000r\000e\000q\0000\0003\000P\000o\000p\000C\000a\000l\000l\000b\000a\000c\000k\000\050\000\051}{subsection.6.4.2}% 98
\BOOKMARK [3][-]{subsubsection.6.4.2.29}{\376\377\0006\000.\0004\000.\0002\000.\0002\0009\000\040\000r\000i\000f\000e\000M\000a\000n\000u\000a\000l\000\137\000f\000r\000e\000q\0000\0004\000P\000o\000p\000C\000a\000l\000l\000b\000a\000c\000k\000\050\000\051}{subsection.6.4.2}% 99
\BOOKMARK [3][-]{subsubsection.6.4.2.30}{\376\377\0006\000.\0004\000.\0002\000.\0003\0000\000\040\000r\000i\000f\000e\000M\000a\000n\000u\000a\000l\000\137\000f\000r\000e\000q\0000\0005\000P\000o\000p\000C\000a\000l\000l\000b\000a\000c\000k\000\050\000\051}{subsection.6.4.2}% 100
\BOOKMARK [3][-]{subsubsection.6.4.2.31}{\376\377\0006\000.\0004\000.\0002\000.\0003\0001\000\040\000r\000i\000f\000e\000M\000a\000n\000u\000a\000l\000\137\000f\000r\000e\000q\0000\0006\000P\000o\000p\000C\000a\000l\000l\000b\000a\000c\000k\000\050\000\051}{subsection.6.4.2}% 101
\BOOKMARK [3][-]{subsubsection.6.4.2.32}{\376\377\0006\000.\0004\000.\0002\000.\0003\0002\000\040\000r\000i\000f\000e\000M\000a\000n\000u\000a\000l\000\137\000i\000n\000i\000c\000i\000a\000r\000P\000o\000p\000C\000a\000l\000l\000b\000a\000c\000k\000\050\000\051}{subsection.6.4.2}% 102
\BOOKMARK [3][-]{subsubsection.6.4.2.33}{\376\377\0006\000.\0004\000.\0002\000.\0003\0003\000\040\000r\000i\000f\000e\000M\000a\000n\000u\000a\000l\000\137\000n\0000\000P\000o\000p\000C\000a\000l\000l\000b\000a\000c\000k\000\050\000\051}{subsection.6.4.2}% 103
\BOOKMARK [3][-]{subsubsection.6.4.2.34}{\376\377\0006\000.\0004\000.\0002\000.\0003\0004\000\040\000r\000i\000f\000e\000M\000a\000n\000u\000a\000l\000\137\000n\0001\000P\000o\000p\000C\000a\000l\000l\000b\000a\000c\000k\000\050\000\051}{subsection.6.4.2}% 104
\BOOKMARK [3][-]{subsubsection.6.4.2.35}{\376\377\0006\000.\0004\000.\0002\000.\0003\0005\000\040\000r\000i\000f\000e\000M\000a\000n\000u\000a\000l\000\137\000n\0002\000P\000o\000p\000C\000a\000l\000l\000b\000a\000c\000k\000\050\000\051}{subsection.6.4.2}% 105
\BOOKMARK [3][-]{subsubsection.6.4.2.36}{\376\377\0006\000.\0004\000.\0002\000.\0003\0006\000\040\000r\000i\000f\000e\000M\000a\000n\000u\000a\000l\000\137\000n\0003\000P\000o\000p\000C\000a\000l\000l\000b\000a\000c\000k\000\050\000\051}{subsection.6.4.2}% 106
\BOOKMARK [3][-]{subsubsection.6.4.2.37}{\376\377\0006\000.\0004\000.\0002\000.\0003\0007\000\040\000r\000i\000f\000e\000M\000a\000n\000u\000a\000l\000\137\000n\0004\000P\000o\000p\000C\000a\000l\000l\000b\000a\000c\000k\000\050\000\051}{subsection.6.4.2}% 107
\BOOKMARK [3][-]{subsubsection.6.4.2.38}{\376\377\0006\000.\0004\000.\0002\000.\0003\0008\000\040\000r\000i\000f\000e\000M\000a\000n\000u\000a\000l\000\137\000n\0005\000P\000o\000p\000C\000a\000l\000l\000b\000a\000c\000k\000\050\000\051}{subsection.6.4.2}% 108
\BOOKMARK [3][-]{subsubsection.6.4.2.39}{\376\377\0006\000.\0004\000.\0002\000.\0003\0009\000\040\000r\000i\000f\000e\000M\000a\000n\000u\000a\000l\000\137\000n\0006\000P\000o\000p\000C\000a\000l\000l\000b\000a\000c\000k\000\050\000\051}{subsection.6.4.2}% 109
\BOOKMARK [3][-]{subsubsection.6.4.2.40}{\376\377\0006\000.\0004\000.\0002\000.\0004\0000\000\040\000r\000i\000f\000e\000M\000a\000n\000u\000a\000l\000\137\000n\0007\000P\000o\000p\000C\000a\000l\000l\000b\000a\000c\000k\000\050\000\051}{subsection.6.4.2}% 110
\BOOKMARK [3][-]{subsubsection.6.4.2.41}{\376\377\0006\000.\0004\000.\0002\000.\0004\0001\000\040\000r\000i\000f\000e\000M\000a\000n\000u\000a\000l\000\137\000n\0008\000P\000o\000p\000C\000a\000l\000l\000b\000a\000c\000k\000\050\000\051}{subsection.6.4.2}% 111
\BOOKMARK [3][-]{subsubsection.6.4.2.42}{\376\377\0006\000.\0004\000.\0002\000.\0004\0002\000\040\000r\000i\000f\000e\000M\000a\000n\000u\000a\000l\000\137\000n\0009\000P\000o\000p\000C\000a\000l\000l\000b\000a\000c\000k\000\050\000\051}{subsection.6.4.2}% 112
\BOOKMARK [3][-]{subsubsection.6.4.2.43}{\376\377\0006\000.\0004\000.\0002\000.\0004\0003\000\040\000r\000i\000f\000e\000M\000a\000n\000u\000a\000l\000\137\000n\000C\000P\000o\000p\000C\000a\000l\000l\000b\000a\000c\000k\000\050\000\051}{subsection.6.4.2}% 113
\BOOKMARK [3][-]{subsubsection.6.4.2.44}{\376\377\0006\000.\0004\000.\0002\000.\0004\0004\000\040\000r\000i\000f\000e\000P\000r\000e\000\137\000b\000i\000c\000h\000o\0001\000P\000o\000p\000C\000a\000l\000l\000b\000a\000c\000k\000\050\000\051}{subsection.6.4.2}% 114
\BOOKMARK [3][-]{subsubsection.6.4.2.45}{\376\377\0006\000.\0004\000.\0002\000.\0004\0005\000\040\000r\000i\000f\000e\000P\000r\000e\000\137\000b\000i\000c\000h\000o\0002\000P\000o\000p\000C\000a\000l\000l\000b\000a\000c\000k\000\050\000\051}{subsection.6.4.2}% 115
\BOOKMARK [3][-]{subsubsection.6.4.2.46}{\376\377\0006\000.\0004\000.\0002\000.\0004\0006\000\040\000r\000i\000f\000e\000P\000r\000e\000\137\000b\000i\000c\000h\000o\0003\000P\000o\000p\000C\000a\000l\000l\000b\000a\000c\000k\000\050\000\051}{subsection.6.4.2}% 116
\BOOKMARK [3][-]{subsubsection.6.4.2.47}{\376\377\0006\000.\0004\000.\0002\000.\0004\0007\000\040\000r\000i\000f\000e\000P\000r\000e\000\137\000c\000a\000n\000c\000e\000l\000a\000r\000P\000o\000p\000C\000a\000l\000l\000b\000a\000c\000k\000\050\000\051}{subsection.6.4.2}% 117
\BOOKMARK [3][-]{subsubsection.6.4.2.48}{\376\377\0006\000.\0004\000.\0002\000.\0004\0008\000\040\000r\000i\000f\000e\000P\000r\000e\000\137\000i\000n\000i\000c\000i\000a\000r\000P\000o\000p\000C\000a\000l\000l\000b\000a\000c\000k\000\050\000\051}{subsection.6.4.2}% 118
\BOOKMARK [3][-]{subsubsection.6.4.2.49}{\376\377\0006\000.\0004\000.\0002\000.\0004\0009\000\040\000z\000a\000p\000p\000i\000c\000P\000r\000o\000t\000\137\0001\000K\000P\000o\000p\000C\000a\000l\000l\000b\000a\000c\000k\000\050\000\051}{subsection.6.4.2}% 119
\BOOKMARK [3][-]{subsubsection.6.4.2.50}{\376\377\0006\000.\0004\000.\0002\000.\0005\0000\000\040\000z\000a\000p\000p\000i\000c\000P\000r\000o\000t\000\137\0002\000K\0005\000P\000o\000p\000C\000a\000l\000l\000b\000a\000c\000k\000\050\000\051}{subsection.6.4.2}% 120
\BOOKMARK [3][-]{subsubsection.6.4.2.51}{\376\377\0006\000.\0004\000.\0002\000.\0005\0001\000\040\000z\000a\000p\000p\000i\000c\000P\000r\000o\000t\000\137\0004\0002\0008\000P\000o\000p\000C\000a\000l\000l\000b\000a\000c\000k\000\050\000\051}{subsection.6.4.2}% 121
\BOOKMARK [3][-]{subsubsection.6.4.2.52}{\376\377\0006\000.\0004\000.\0002\000.\0005\0002\000\040\000z\000a\000p\000p\000i\000c\000P\000r\000o\000t\000\137\0005\0002\0009\000P\000o\000p\000C\000a\000l\000l\000b\000a\000c\000k\000\050\000\051}{subsection.6.4.2}% 122
\BOOKMARK [3][-]{subsubsection.6.4.2.53}{\376\377\0006\000.\0004\000.\0002\000.\0005\0003\000\040\000z\000a\000p\000p\000i\000c\000P\000r\000o\000t\000\137\000c\000a\000n\000c\000e\000l\000a\000r\000P\000o\000p\000C\000a\000l\000l\000b\000a\000c\000k\000\050\000\051}{subsection.6.4.2}% 123
\BOOKMARK [3][-]{subsubsection.6.4.2.54}{\376\377\0006\000.\0004\000.\0002\000.\0005\0004\000\040\000z\000a\000p\000p\000i\000c\000P\000r\000o\000t\000\137\000i\000n\000i\000c\000i\000a\000r\000P\000o\000p\000C\000a\000l\000l\000b\000a\000c\000k\000\050\000\051}{subsection.6.4.2}% 124
\BOOKMARK [0][-]{chapter.7}{\376\377\0007\000\040\000C\000l\000a\000s\000s\000\040\000D\000o\000c\000u\000m\000e\000n\000t\000a\000t\000i\000o\000n}{}% 125
\BOOKMARK [1][-]{section.7.1}{\376\377\0007\000.\0001\000\040\000A\000d\000a\000f\000r\000u\000i\000t\000\137\000I\000N\000A\0002\0001\0009\000\040\000C\000l\000a\000s\000s\000\040\000R\000e\000f\000e\000r\000e\000n\000c\000e}{chapter.7}% 126
\BOOKMARK [2][-]{subsection.7.1.1}{\376\377\0007\000.\0001\000.\0001\000\040\000D\000e\000t\000a\000i\000l\000e\000d\000\040\000D\000e\000s\000c\000r\000i\000p\000t\000i\000o\000n}{section.7.1}% 127
\BOOKMARK [2][-]{subsection.7.1.2}{\376\377\0007\000.\0001\000.\0002\000\040\000C\000o\000n\000s\000t\000r\000u\000c\000t\000o\000r\000\040\000\046\000\040\000D\000e\000s\000t\000r\000u\000c\000t\000o\000r\000\040\000D\000o\000c\000u\000m\000e\000n\000t\000a\000t\000i\000o\000n}{section.7.1}% 128
\BOOKMARK [3][-]{subsubsection.7.1.2.1}{\376\377\0007\000.\0001\000.\0002\000.\0001\000\040\000A\000d\000a\000f\000r\000u\000i\000t\000\137\000I\000N\000A\0002\0001\0009\000\050\000\051}{subsection.7.1.2}% 129
\BOOKMARK [2][-]{subsection.7.1.3}{\376\377\0007\000.\0001\000.\0003\000\040\000M\000e\000m\000b\000e\000r\000\040\000F\000u\000n\000c\000t\000i\000o\000n\000\040\000D\000o\000c\000u\000m\000e\000n\000t\000a\000t\000i\000o\000n}{section.7.1}% 130
\BOOKMARK [3][-]{subsubsection.7.1.3.1}{\376\377\0007\000.\0001\000.\0003\000.\0001\000\040\000b\000e\000g\000i\000n\000\050\000\051}{subsection.7.1.3}% 131
\BOOKMARK [3][-]{subsubsection.7.1.3.2}{\376\377\0007\000.\0001\000.\0003\000.\0002\000\040\000g\000e\000t\000B\000u\000s\000V\000o\000l\000t\000a\000g\000e\000\137\000V\000\050\000\051}{subsection.7.1.3}% 132
\BOOKMARK [3][-]{subsubsection.7.1.3.3}{\376\377\0007\000.\0001\000.\0003\000.\0003\000\040\000g\000e\000t\000C\000u\000r\000r\000e\000n\000t\000\137\000m\000A\000\050\000\051}{subsection.7.1.3}% 133
\BOOKMARK [3][-]{subsubsection.7.1.3.4}{\376\377\0007\000.\0001\000.\0003\000.\0004\000\040\000g\000e\000t\000P\000o\000w\000e\000r\000\137\000m\000W\000\050\000\051}{subsection.7.1.3}% 134
\BOOKMARK [3][-]{subsubsection.7.1.3.5}{\376\377\0007\000.\0001\000.\0003\000.\0005\000\040\000g\000e\000t\000S\000h\000u\000n\000t\000V\000o\000l\000t\000a\000g\000e\000\137\000m\000V\000\050\000\051}{subsection.7.1.3}% 135
\BOOKMARK [3][-]{subsubsection.7.1.3.6}{\376\377\0007\000.\0001\000.\0003\000.\0006\000\040\000s\000e\000t\000C\000a\000l\000i\000b\000r\000a\000t\000i\000o\000n\000\137\0003\0002\000V\000\137\0001\000A\000\050\000\051}{subsection.7.1.3}% 136
\BOOKMARK [3][-]{subsubsection.7.1.3.7}{\376\377\0007\000.\0001\000.\0003\000.\0007\000\040\000s\000e\000t\000C\000a\000l\000i\000b\000r\000a\000t\000i\000o\000n\000\137\0003\0002\000V\000\137\0002\000A\000\050\000\051}{subsection.7.1.3}% 137
\BOOKMARK [0][-]{chapter.8}{\376\377\0008\000\040\000F\000i\000l\000e\000\040\000D\000o\000c\000u\000m\000e\000n\000t\000a\000t\000i\000o\000n}{}% 138
\BOOKMARK [1][-]{section.8.1}{\376\377\0008\000.\0001\000\040\000C\000:\000/\000U\000s\000e\000r\000s\000/\000m\000a\000r\000i\000o\000/\000D\000o\000c\000u\000m\000e\000n\000t\000s\000/\000A\000r\000d\000u\000i\000n\000o\000/\000E\000S\000P\0003\0002\000\137\000z\000a\000p\000p\000e\000r\000V\0009\000.\0000\000/\000a\000r\000q\000u\000i\000v\000o\000s\000-\000d\000o\000x\000/\000A\000d\000a\000f\000r\000u\000i\000t\000\137\000I\000N\000A\0002\0001\0009\000/\000A\000d\000a\000f\000r\000u\000i\000t\000\137\000I\000N\000A\0002\0001\0009\000.\000h\000\040\000F\000i\000l\000e\000\040\000R\000e\000f\000e\000r\000e\000n\000c\000e}{chapter.8}% 139
\BOOKMARK [2][-]{subsection.8.1.1}{\376\377\0008\000.\0001\000.\0001\000\040\000D\000e\000t\000a\000i\000l\000e\000d\000\040\000D\000e\000s\000c\000r\000i\000p\000t\000i\000o\000n}{section.8.1}% 140
\BOOKMARK [1][-]{section.8.2}{\376\377\0008\000.\0002\000\040\000C\000:\000/\000U\000s\000e\000r\000s\000/\000m\000a\000r\000i\000o\000/\000D\000o\000c\000u\000m\000e\000n\000t\000s\000/\000A\000r\000d\000u\000i\000n\000o\000/\000E\000S\000P\0003\0002\000\137\000z\000a\000p\000p\000e\000r\000V\0009\000.\0000\000/\000a\000r\000q\000u\000i\000v\000o\000s\000-\000d\000o\000x\000/\000A\000r\000d\000u\000i\000n\000o\000.\000h\000\040\000F\000i\000l\000e\000\040\000R\000e\000f\000e\000r\000e\000n\000c\000e}{chapter.8}% 141
\BOOKMARK [2][-]{subsection.8.2.1}{\376\377\0008\000.\0002\000.\0001\000\040\000D\000e\000t\000a\000i\000l\000e\000d\000\040\000D\000e\000s\000c\000r\000i\000p\000t\000i\000o\000n}{section.8.2}% 142
\BOOKMARK [1][-]{section.8.3}{\376\377\0008\000.\0003\000\040\000C\000:\000/\000U\000s\000e\000r\000s\000/\000m\000a\000r\000i\000o\000/\000D\000o\000c\000u\000m\000e\000n\000t\000s\000/\000A\000r\000d\000u\000i\000n\000o\000/\000E\000S\000P\0003\0002\000\137\000z\000a\000p\000p\000e\000r\000V\0009\000.\0000\000/\000a\000r\000q\000u\000i\000v\000o\000s\000-\000d\000o\000x\000/\000m\000a\000r\000i\000o\000\137\000n\000e\000x\000t\000i\000o\000n\000.\000h\000\040\000F\000i\000l\000e\000\040\000R\000e\000f\000e\000r\000e\000n\000c\000e}{chapter.8}% 143
\BOOKMARK [2][-]{subsection.8.3.1}{\376\377\0008\000.\0003\000.\0001\000\040\000D\000e\000t\000a\000i\000l\000e\000d\000\040\000D\000e\000s\000c\000r\000i\000p\000t\000i\000o\000n}{section.8.3}% 144
\BOOKMARK [2][-]{subsection.8.3.2}{\376\377\0008\000.\0003\000.\0002\000\040\000V\000a\000r\000i\000a\000b\000l\000e\000\040\000D\000o\000c\000u\000m\000e\000n\000t\000a\000t\000i\000o\000n}{section.8.3}% 145
\BOOKMARK [3][-]{subsubsection.8.3.2.1}{\376\377\0008\000.\0003\000.\0002\000.\0001\000\040\000n\000e\000x\000\137\000l\000i\000s\000t\000e\000n\000\137\000l\000i\000s\000t}{subsection.8.3.2}% 146
\BOOKMARK [1][-]{section.8.4}{\376\377\0008\000.\0004\000\040\000C\000:\000/\000U\000s\000e\000r\000s\000/\000m\000a\000r\000i\000o\000/\000D\000o\000c\000u\000m\000e\000n\000t\000s\000/\000A\000r\000d\000u\000i\000n\000o\000/\000E\000S\000P\0003\0002\000\137\000z\000a\000p\000p\000e\000r\000V\0009\000.\0000\000/\000a\000r\000q\000u\000i\000v\000o\000s\000-\000d\000o\000x\000/\000N\000e\000x\000t\000i\000o\000n\000.\000h\000\040\000F\000i\000l\000e\000\040\000R\000e\000f\000e\000r\000e\000n\000c\000e}{chapter.8}% 147
\BOOKMARK [2][-]{subsection.8.4.1}{\376\377\0008\000.\0004\000.\0001\000\040\000D\000e\000t\000a\000i\000l\000e\000d\000\040\000D\000e\000s\000c\000r\000i\000p\000t\000i\000o\000n}{section.8.4}% 148
\BOOKMARK [1][-]{section.8.5}{\376\377\0008\000.\0005\000\040\000C\000:\000/\000U\000s\000e\000r\000s\000/\000m\000a\000r\000i\000o\000/\000D\000o\000c\000u\000m\000e\000n\000t\000s\000/\000A\000r\000d\000u\000i\000n\000o\000/\000E\000S\000P\0003\0002\000\137\000z\000a\000p\000p\000e\000r\000V\0009\000.\0000\000/\000E\000S\000P\0003\0002\000\137\000z\000a\000p\000p\000e\000r\000V\0009\000.\0000\000.\000i\000n\000o\000\040\000F\000i\000l\000e\000\040\000R\000e\000f\000e\000r\000e\000n\000c\000e}{chapter.8}% 149
\BOOKMARK [2][-]{subsection.8.5.1}{\376\377\0008\000.\0005\000.\0001\000\040\000D\000e\000t\000a\000i\000l\000e\000d\000\040\000D\000e\000s\000c\000r\000i\000p\000t\000i\000o\000n}{section.8.5}% 150
\BOOKMARK [2][-]{subsection.8.5.2}{\376\377\0008\000.\0005\000.\0002\000\040\000V\000a\000r\000i\000a\000b\000l\000e\000\040\000D\000o\000c\000u\000m\000e\000n\000t\000a\000t\000i\000o\000n}{section.8.5}% 151
\BOOKMARK [3][-]{subsubsection.8.5.2.1}{\376\377\0008\000.\0005\000.\0002\000.\0001\000\040\000D\000E\000B\000U\000G\000A\000N\000D\000O}{subsection.8.5.2}% 152
\BOOKMARK [3][-]{subsubsection.8.5.2.2}{\376\377\0008\000.\0005\000.\0002\000.\0002\000\040\000t\000a\000b\000\137\000c\000l\000a\000r\000k}{subsection.8.5.2}% 153
\BOOKMARK [3][-]{subsubsection.8.5.2.3}{\376\377\0008\000.\0005\000.\0002\000.\0003\000\040\000t\000a\000b\000\137\000z\000a\000p\000p\000i\000c}{subsection.8.5.2}% 154
